// Jest Snapshot v1, https://goo.gl/fbAQLP

exports[`Spinner should match snapshot 1`] = `
<DocumentFragment>
  <div
    class="spinner spinner-md spinner-dark"
    data-testid="spinner-element"
  >
    <div />
    <div />
    <div />
    <div />
  </div>
</DocumentFragment>
`;
